[2019-12-01 15:05:01] local.INFO: Al Ain City,United Arab Emirates,AE,Etisalat, Emirates Telecommunications Corporation,94.59.38.156,AZ,Asia/Dubai,ip-api,2019-12-01 15:05:01  
[2019-12-01 15:05:01] local.INFO: Dubai,United Arab Emirates,AE,Etisalat, Emirates Telecommunications Corporation,86.98.60.147,DU,Asia/Dubai,ip-api,2019-12-01 15:05:01  
[2019-12-01 15:05:01] local.INFO: Dubai,United Arab Emirates,AE,Emirates Telecommunications Corporation, Emirates Telecommunications Corporation,86.96.19.114,DU,Asia/Dubai,ip-api,2019-12-01 15:05:01  
[2019-12-01 15:05:01] local.INFO: Ras al-Khaimah,United Arab Emirates,AE,Etisalat, Emirates Telecommunications Corporation,2.50.124.103,RK,Asia/Dubai,ip-api,2019-12-01 15:05:01  
[2019-12-01 15:05:01] local.INFO: Abu Dhabi,United Arab Emirates,AE,Etisalat, Emirates Telecommunications Corporation,5.194.168.224,AZ,Asia/Dubai,ip-api,2019-12-01 15:05:01  
[2019-12-01 15:05:02] local.INFO: Dubai,United Arab Emirates,AE,Etisalat, ,5.194.25.138,DU,Asia/Dubai,ip-api,2019-12-01 15:05:02  
[2019-12-01 15:05:02] local.INFO: Al Fujairah City,United Arab Emirates,AE,Etisalat, Emirates Telecommunications Corporation,31.215.20.209,FU,Asia/Dubai,ip-api,2019-12-01 15:05:02  
[2019-12-01 15:05:02] local.INFO: Abu Dhabi,United Arab Emirates,AE,Etisalat, Emirates Telecommunications Corporation,92.96.89.81,AZ,Asia/Dubai,ip-api,2019-12-01 15:05:02  
[2019-12-01 15:05:02] local.INFO: Sharjah,United Arab Emirates,AE,Etisalat, Emirates Telecommunications Corporation,176.205.128.181,SH,Asia/Dubai,ip-api,2019-12-01 15:05:02  
[2019-12-01 15:05:02] local.INFO: Abu Dhabi,United Arab Emirates,AE,Etisalat, Emirates Telecommunications Corporation,92.99.171.30,AZ,Asia/Dubai,ip-api,2019-12-01 15:05:02  
[2019-12-01 15:05:02] local.INFO: Dubai,United Arab Emirates,AE,Etisalat, Emirates Telecommunications Corporation,31.215.240.9,DU,Asia/Dubai,ip-api,2019-12-01 15:05:02  
[2019-12-01 15:05:02] local.INFO: Abu Dhabi,United Arab Emirates,AE,Emirates Telecommunications Corporation, ,217.164.120.110,AZ,Asia/Dubai,ip-api,2019-12-01 15:05:02  
[2019-12-01 15:05:02] local.INFO: Abu Dhabi,United Arab Emirates,AE,Emirates Telecommunications Corporation, Emirates Telecommunications Corporation,94.57.163.159,AZ,Asia/Dubai,ip-api,2019-12-01 15:05:02  
[2019-12-01 15:05:02] local.INFO: Abu Dhabi,United Arab Emirates,AE,Emirates Telecommunications Corporation, Emirates Telecommunications Corporation,83.110.219.133,AZ,Asia/Dubai,ip-api,2019-12-01 15:05:02  
[2019-12-01 15:05:02] local.INFO: Dubai,United Arab Emirates,AE,Etisalat, Emirates Telecommunications Corporation,2.51.180.66,DU,Asia/Dubai,ip-api,2019-12-01 15:05:02  
[2019-12-01 15:05:02] local.INFO: Dubai,United Arab Emirates,AE,Etisalat, Emirates Telecommunications Corporation,92.96.177.230,DU,Asia/Dubai,ip-api,2019-12-01 15:05:02  
[2019-12-01 15:05:02] local.INFO: Dubai,United Arab Emirates,AE,Etisalat, Emirates Telecommunications Corporation,86.99.232.14,DU,Asia/Dubai,ip-api,2019-12-01 15:05:02  
[2019-12-01 15:05:02] local.INFO: Abu Dhabi,United Arab Emirates,AE,Emirates Telecommunications Corporation, ,217.164.118.121,AZ,Asia/Dubai,ip-api,2019-12-01 15:05:02  
[2019-12-01 15:05:02] local.INFO: Ajman,United Arab Emirates,AE,Etisalat, Emirates Telecommunications Corporation,109.177.114.101,AJ,Asia/Dubai,ip-api,2019-12-01 15:05:02  
[2019-12-01 15:05:02] local.INFO: Dubai,United Arab Emirates,AE,Etisalat, Emirates Telecommunications Corporation,92.98.105.208,DU,Asia/Dubai,ip-api,2019-12-01 15:05:02  
[2019-12-01 15:05:02] local.INFO: Abu Dhabi,United Arab Emirates,AE,Emirates Telecommunications Corporation, Emirates Telecommunications Corporation,86.96.13.50,AZ,Asia/Dubai,ip-api,2019-12-01 15:05:02  
[2019-12-01 15:05:03] local.INFO: Dubai,United Arab Emirates,AE,Emirates Telecommunications Corporation, Emirates Telecommunications Corporation,31.218.78.63,DU,Asia/Dubai,ip-api,2019-12-01 15:05:03  
[2019-12-01 15:05:03] local.INFO: Dubai,United Arab Emirates,AE,Emirates Telecommunications Corporation, Emirates Telecommunications Corporation,176.204.221.140,DU,Asia/Dubai,ip-api,2019-12-01 15:05:03  
[2019-12-01 15:05:03] local.INFO: Dubai,United Arab Emirates,AE,Etisalat, Emirates Telecommunications Corporation,2.51.178.150,DU,Asia/Dubai,ip-api,2019-12-01 15:05:03  
[2019-12-01 15:05:03] local.INFO: Abu Dhabi,United Arab Emirates,AE,Etisalat, Emirates Telecommunications Corporation,2.50.183.109,AZ,Asia/Dubai,ip-api,2019-12-01 15:05:03  
[2019-12-01 15:05:03] local.INFO: Sharjah,United Arab Emirates,AE,Emirates Telecommunications Corporation, Emirates Telecommunications Corporation,217.165.166.218,SH,Asia/Dubai,ip-api,2019-12-01 15:05:03  
[2019-12-01 15:05:03] local.INFO: Abu Dhabi,United Arab Emirates,AE,Etisalat, Emirates Telecommunications Corporation,2.50.163.72,AZ,Asia/Dubai,ip-api,2019-12-01 15:05:03  
[2019-12-01 15:05:03] local.INFO: Sharjah,United Arab Emirates,AE,Emirates Telecommunications Corporation, Emirates Telecommunications Corporation,176.204.255.47,SH,Asia/Dubai,ip-api,2019-12-01 15:05:03  
[2019-12-01 15:05:03] local.INFO: Abu Dhabi,United Arab Emirates,AE,Etisalat, Emirates Telecommunications Corporation,94.59.59.136,AZ,Asia/Dubai,ip-api,2019-12-01 15:05:03  
[2019-12-01 15:05:03] local.INFO: Abu Dhabi,United Arab Emirates,AE,Etisalat, Emirates Telecommunications Corporation,176.205.22.125,AZ,Asia/Dubai,ip-api,2019-12-01 15:05:03  
[2019-12-01 15:05:03] local.INFO: Abu Dhabi,United Arab Emirates,AE,Etisalat, Emirates Telecommunications Corporation,176.205.21.205,AZ,Asia/Dubai,ip-api,2019-12-01 15:05:03  
[2019-12-01 15:05:03] local.INFO: Dubai,United Arab Emirates,AE,Etisalat, Emirates Telecommunications Corporation,92.97.174.135,DU,Asia/Dubai,ip-api,2019-12-01 15:05:03  
[2019-12-01 15:05:03] local.INFO: Al Ain City,United Arab Emirates,AE,Etisalat, Emirates Telecommunications Corporation,86.97.25.218,AZ,Asia/Dubai,ip-api,2019-12-01 15:05:03  
[2019-12-01 15:05:03] local.INFO: Sharjah,United Arab Emirates,AE,Emirates Telecommunications Corporation, Emirates Telecommunications Corporation,31.218.84.233,SH,Asia/Dubai,ip-api,2019-12-01 15:05:03  
[2019-12-01 15:05:03] local.INFO: Dubai,United Arab Emirates,AE,Etisalat, Emirates Telecommunications Corporation,2.49.159.203,DU,Asia/Dubai,ip-api,2019-12-01 15:05:03  
[2019-12-01 15:05:03] local.INFO: Abu Dhabi,United Arab Emirates,AE,Emirates Telecommunications Corporation, Emirates Telecommunications Corporation,37.245.188.32,AZ,Asia/Dubai,ip-api,2019-12-01 15:05:03  
[2019-12-01 15:05:03] local.INFO: Abu Dhabi,United Arab Emirates,AE,Etisalat, Emirates Telecommunications Corporation,2.50.162.28,AZ,Asia/Dubai,ip-api,2019-12-01 15:05:03  
[2019-12-01 15:05:03] local.INFO: Dubai,United Arab Emirates,AE,Etisalat, Emirates Telecommunications Corporation,92.96.181.3,DU,Asia/Dubai,ip-api,2019-12-01 15:05:03  
[2019-12-01 15:05:04] local.INFO: Al Ain City,United Arab Emirates,AE,Etisalat, Emirates Telecommunications Corporation,94.59.140.175,AZ,Asia/Dubai,ip-api,2019-12-01 15:05:04  
[2019-12-01 15:05:04] local.INFO: Dubai,United Arab Emirates,AE,Etisalat, Emirates Telecommunications Corporation,94.59.107.216,DU,Asia/Dubai,ip-api,2019-12-01 15:05:04  
[2019-12-01 15:05:04] local.INFO: Dubai,United Arab Emirates,AE,Etisalat, Emirates Telecommunications Corporation,5.194.202.215,DU,Asia/Dubai,ip-api,2019-12-01 15:05:04  
[2019-12-01 15:05:04] local.INFO: Ajman,United Arab Emirates,AE,Etisalat, Emirates Telecommunications Corporation,92.96.194.29,AJ,Asia/Dubai,ip-api,2019-12-01 15:05:04  
[2019-12-01 15:05:04] local.INFO: Ajman,United Arab Emirates,AE,Etisalat, Emirates Telecommunications Corporation,109.177.127.40,AJ,Asia/Dubai,ip-api,2019-12-01 15:05:04  
[2019-12-01 15:05:04] local.INFO: Dubai,United Arab Emirates,AE,Emirates Telecommunications Corporation, Emirates Telecommunications Corporation,176.204.192.215,DU,Asia/Dubai,ip-api,2019-12-01 15:05:04  
[2019-12-01 15:05:04] local.INFO: Dubai,United Arab Emirates,AE,Etisalat, Emirates Telecommunications Corporation,86.99.203.82,DU,Asia/Dubai,ip-api,2019-12-01 15:05:04  
[2019-12-01 15:05:04] local.INFO: Dubai,United Arab Emirates,AE,Etisalat, Emirates Telecommunications Corporation,2.51.103.251,DU,Asia/Dubai,ip-api,2019-12-01 15:05:04  
[2019-12-01 15:05:04] local.INFO: Abu Dhabi,United Arab Emirates,AE,Etisalat, Emirates Telecommunications Corporation,92.99.16.237,AZ,Asia/Dubai,ip-api,2019-12-01 15:05:04  
[2019-12-01 15:05:04] local.INFO: Dubai,United Arab Emirates,AE,Etisalat, Emirates Telecommunications Corporation,176.205.179.50,DU,Asia/Dubai,ip-api,2019-12-01 15:05:04  
[2019-12-01 15:05:04] local.INFO: Dubai,United Arab Emirates,AE,EMAAR, Emirates Integrated Telecommunications Company,87.201.176.32,DU,Asia/Dubai,ip-api,2019-12-01 15:05:04  
[2019-12-01 15:05:04] local.INFO: Sharjah,United Arab Emirates,AE,Etisalat, Emirates Telecommunications Corporation,92.99.216.28,SH,Asia/Dubai,ip-api,2019-12-01 15:05:04  
[2019-12-01 15:05:04] local.INFO: Al Ain City,United Arab Emirates,AE,Emirates Telecommunications Corporation, Emirates Telecommunications Corporation,86.98.211.92,AZ,Asia/Dubai,ip-api,2019-12-01 15:05:04  
[2019-12-01 15:05:04] local.INFO: Al Ain City,United Arab Emirates,AE,Etisalat, Emirates Telecommunications Corporation,94.59.185.184,AZ,Asia/Dubai,ip-api,2019-12-01 15:05:04  
[2019-12-01 15:05:04] local.INFO: Al Ain City,United Arab Emirates,AE,Etisalat, Emirates Telecommunications Corporation,176.205.118.230,AZ,Asia/Dubai,ip-api,2019-12-01 15:05:04  
[2019-12-01 15:05:04] local.INFO: Ajman,United Arab Emirates,AE,Etisalat, Emirates Telecommunications Corporation,109.177.22.147,AJ,Asia/Dubai,ip-api,2019-12-01 15:05:04  
[2019-12-01 15:05:05] local.INFO: Dubai,United Arab Emirates,AE,Etisalat, Emirates Telecommunications Corporation,5.107.233.158,DU,Asia/Dubai,ip-api,2019-12-01 15:05:05  
[2019-12-01 15:05:05] local.INFO: Dubai,United Arab Emirates,AE,Etisalat, Emirates Telecommunications Corporation,86.97.31.5,DU,Asia/Dubai,ip-api,2019-12-01 15:05:05  
[2019-12-01 15:05:05] local.INFO: Abu Dhabi,United Arab Emirates,AE,Emirates Telecommunications Corporation, Emirates Telecommunications Corporation,37.245.233.217,AZ,Asia/Dubai,ip-api,2019-12-01 15:05:05  
[2019-12-01 15:05:05] local.INFO: Abu Dhabi,United Arab Emirates,AE,Etisalat, Emirates Telecommunications Corporation,92.96.189.81,AZ,Asia/Dubai,ip-api,2019-12-01 15:05:05  
[2019-12-01 15:05:05] local.INFO: Ras al-Khaimah,United Arab Emirates,AE,Etisalat, Emirates Telecommunications Corporation,86.98.152.46,RK,Asia/Dubai,ip-api,2019-12-01 15:05:05  
[2019-12-01 15:05:05] local.INFO: Dubai,United Arab Emirates,AE,Etisalat, Emirates Telecommunications Corporation,92.98.44.182,DU,Asia/Dubai,ip-api,2019-12-01 15:05:05  
[2019-12-01 15:05:05] local.INFO: Sharjah,United Arab Emirates,AE,Etisalat, Emirates Telecommunications Corporation,86.97.245.46,SH,Asia/Dubai,ip-api,2019-12-01 15:05:05  
[2019-12-01 15:05:05] local.INFO: Dubai,United Arab Emirates,AE,Etisalat, Emirates Telecommunications Corporation,86.98.51.104,DU,Asia/Dubai,ip-api,2019-12-01 15:05:05  
[2019-12-01 15:05:06] local.INFO: Dubai,United Arab Emirates,AE,Etisalat, Emirates Telecommunications Corporation,5.194.128.73,DU,Asia/Dubai,ip-api,2019-12-01 15:05:06  
[2019-12-01 15:05:06] local.INFO: Sharjah,United Arab Emirates,AE,Etisalat, Emirates Telecommunications Corporation,2.50.103.163,SH,Asia/Dubai,ip-api,2019-12-01 15:05:06  
[2019-12-01 15:05:06] local.INFO: Abu Dhabi,United Arab Emirates,AE,Etisalat, Emirates Telecommunications Corporation,176.205.22.91,AZ,Asia/Dubai,ip-api,2019-12-01 15:05:06  
[2019-12-01 15:05:06] local.INFO: Abu Dhabi,United Arab Emirates,AE,Etisalat, Emirates Telecommunications Corporation,176.205.166.109,AZ,Asia/Dubai,ip-api,2019-12-01 15:05:06  
[2019-12-01 15:05:06] local.INFO: Ras al-Khaimah,United Arab Emirates,AE,Etisalat, Emirates Telecommunications Corporation,2.49.195.69,RK,Asia/Dubai,ip-api,2019-12-01 15:05:06  
[2019-12-01 15:05:06] local.INFO: Dubai,United Arab Emirates,AE,Etisalat, Emirates Telecommunications Corporation,94.59.19.158,DU,Asia/Dubai,ip-api,2019-12-01 15:05:06  
[2019-12-01 15:05:06] local.INFO: Dubai,United Arab Emirates,AE,Etisalat, Emirates Telecommunications Corporation,92.98.69.146,DU,Asia/Dubai,ip-api,2019-12-01 15:05:06  
[2019-12-01 15:05:06] local.INFO: Dubai,United Arab Emirates,AE,Etisalat, Emirates Telecommunications Corporation,86.99.17.103,DU,Asia/Dubai,ip-api,2019-12-01 15:05:06  
[2019-12-01 15:05:06] local.INFO: Sharjah,United Arab Emirates,AE,Etisalat, Emirates Telecommunications Corporation,109.177.203.18,SH,Asia/Dubai,ip-api,2019-12-01 15:05:06  
[2019-12-01 15:05:06] local.INFO: Dubai,United Arab Emirates,AE,Etisalat, Emirates Telecommunications Corporation,92.97.76.101,DU,Asia/Dubai,ip-api,2019-12-01 15:05:06  
[2019-12-01 15:05:07] local.INFO: Dubai,United Arab Emirates,AE,Etisalat, Emirates Telecommunications Corporation,5.107.218.36,DU,Asia/Dubai,ip-api,2019-12-01 15:05:07  
[2019-12-01 15:05:07] local.INFO: Sharjah,United Arab Emirates,AE,Etisalat, Emirates Telecommunications Corporation,94.59.233.153,SH,Asia/Dubai,ip-api,2019-12-01 15:05:07  
[2019-12-01 15:05:07] local.INFO: Dubai,United Arab Emirates,AE,Etisalat, Emirates Telecommunications Corporation,86.99.17.103,DU,Asia/Dubai,ip-api,2019-12-01 15:05:07  
[2019-12-01 15:05:07] local.INFO: Naaldwijk,Netherlands,NL,WorldStream B.V., Worldstream,185.132.177.87,ZH,Europe/Amsterdam,ip-api,2019-12-01 15:05:07  
[2019-12-01 15:05:07] local.INFO: Dubai,United Arab Emirates,AE,Emirates Telecommunications Corporation, Emirates Telecommunications Corporation,176.204.90.25,DU,Asia/Dubai,ip-api,2019-12-01 15:05:07  
[2019-12-01 15:05:07] local.INFO: Dubai,United Arab Emirates,AE,Etisalat, Emirates Telecommunications Corporation,86.97.247.149,DU,Asia/Dubai,ip-api,2019-12-01 15:05:07  
[2019-12-01 15:05:07] local.INFO: Dubai,United Arab Emirates,AE,Etisalat, Emirates Telecommunications Corporation,109.177.64.151,DU,Asia/Dubai,ip-api,2019-12-01 15:05:07  
[2019-12-01 15:05:07] local.INFO: Ajman,United Arab Emirates,AE,Etisalat, Emirates Telecommunications Corporation,109.177.62.168,AJ,Asia/Dubai,ip-api,2019-12-01 15:05:07  
[2019-12-01 15:05:07] local.INFO: Dubai,United Arab Emirates,AE,Etisalat, Emirates Telecommunications Corporation,92.96.180.19,DU,Asia/Dubai,ip-api,2019-12-01 15:05:07  
[2019-12-01 15:05:07] local.INFO: Abu Dhabi,United Arab Emirates,AE,Emirates Telecommunications Corporation, ,217.164.119.66,AZ,Asia/Dubai,ip-api,2019-12-01 15:05:07  
[2019-12-01 15:05:07] local.INFO: Dubai,United Arab Emirates,AE,Emirates Integrated Telecommunications Company PJSC, Emirates Integrated Telecommunications,91.73.167.74,DU,Asia/Dubai,ip-api,2019-12-01 15:05:07  
[2019-12-01 15:05:07] local.INFO: Dubai,United Arab Emirates,AE,Etisalat, Emirates Telecommunications Corporation,31.215.214.46,DU,Asia/Dubai,ip-api,2019-12-01 15:05:07  
[2019-12-01 15:05:07] local.INFO: Sharjah,United Arab Emirates,AE,Etisalat, Emirates Telecommunications Corporation,2.51.192.61,SH,Asia/Dubai,ip-api,2019-12-01 15:05:07  
[2019-12-01 15:05:07] local.INFO: Dubai,United Arab Emirates,AE,Etisalat, Emirates Telecommunications Corporation,2.49.75.83,DU,Asia/Dubai,ip-api,2019-12-01 15:05:07  
[2019-12-01 15:05:07] local.INFO: Ajman,United Arab Emirates,AE,Etisalat, Emirates Telecommunications Corporation,109.177.22.251,AJ,Asia/Dubai,ip-api,2019-12-01 15:05:07  
[2019-12-01 15:05:07] local.INFO: Ajman,United Arab Emirates,AE,Etisalat, Emirates Telecommunications Corporation,109.177.60.162,AJ,Asia/Dubai,ip-api,2019-12-01 15:05:07  
[2019-12-01 15:05:07] local.INFO: Dubai,United Arab Emirates,AE,Etisalat, Emirates Telecommunications Corporation,2.50.29.182,DU,Asia/Dubai,ip-api,2019-12-01 15:05:07  
[2019-12-01 15:05:08] local.INFO: Dubai,United Arab Emirates,AE,Etisalat, Emirates Telecommunications Corporation,86.99.170.245,DU,Asia/Dubai,ip-api,2019-12-01 15:05:08  
[2019-12-01 15:05:08] local.INFO: Dubai,United Arab Emirates,AE,Emirates Telecommunications Corporation, Emirates Telecommunications Corporation,217.165.52.205,DU,Asia/Dubai,ip-api,2019-12-01 15:05:08  
[2019-12-01 15:05:08] local.INFO: Dubai,United Arab Emirates,AE,Emirates Telecommunications Corporation, Emirates Telecommunications Corporation,31.218.111.209,DU,Asia/Dubai,ip-api,2019-12-01 15:05:08  
[2019-12-01 15:05:08] local.INFO: Dubai,United Arab Emirates,AE,Etisalat, Emirates Telecommunications Corporation,86.97.34.248,DU,Asia/Dubai,ip-api,2019-12-01 15:05:08  
[2019-12-01 15:05:08] local.INFO: Ajman,United Arab Emirates,AE,Etisalat, Emirates Telecommunications Corporation,109.177.19.117,AJ,Asia/Dubai,ip-api,2019-12-01 15:05:08  
[2019-12-01 15:05:08] local.INFO: Sharjah,United Arab Emirates,AE,Etisalat, Emirates Telecommunications Corporation,2.49.208.240,SH,Asia/Dubai,ip-api,2019-12-01 15:05:08  
[2019-12-01 15:05:08] local.INFO: Dubai,United Arab Emirates,AE,Etisalat, Emirates Telecommunications Corporation,2.49.131.178,DU,Asia/Dubai,ip-api,2019-12-01 15:05:08  
[2019-12-01 15:05:08] local.INFO: Sharjah,United Arab Emirates,AE,Etisalat, Emirates Telecommunications Corporation,31.215.110.83,SH,Asia/Dubai,ip-api,2019-12-01 15:05:08  
[2019-12-01 15:05:08] local.INFO: Dubai,United Arab Emirates,AE,Etisalat, Emirates Telecommunications Corporation,31.215.127.226,DU,Asia/Dubai,ip-api,2019-12-01 15:05:08  
[2019-12-01 15:05:08] local.INFO: Abu Dhabi,United Arab Emirates,AE,Etisalat, Emirates Telecommunications Corporation,2.50.154.92,AZ,Asia/Dubai,ip-api,2019-12-01 15:05:08  
[2019-12-01 15:05:08] local.INFO: Amman,Jordan,JO,Zain Jordan, ,46.32.123.197,AM,Asia/Amman,ip-api,2019-12-01 15:05:08  
[2019-12-01 15:05:08] local.INFO: Dubai,United Arab Emirates,AE,Etisalat, Emirates Telecommunications Corporation,2.51.207.152,DU,Asia/Dubai,ip-api,2019-12-01 15:05:08  
[2019-12-01 15:05:08] local.INFO: Abu Dhabi,United Arab Emirates,AE,Etisalat, Emirates Telecommunications Corporation,92.96.62.1,AZ,Asia/Dubai,ip-api,2019-12-01 15:05:08  
[2019-12-01 15:05:09] local.INFO: Dubai,United Arab Emirates,AE,Etisalat, Emirates Telecommunications Corporation,2.51.115.173,DU,Asia/Dubai,ip-api,2019-12-01 15:05:09  
[2019-12-01 15:05:09] local.INFO: Amsterdam,Netherlands,NL,Astralus B.V., B2 Net Solutions Inc,104.227.250.203,NH,Europe/Amsterdam,ip-api,2019-12-01 15:05:09  
[2019-12-01 15:05:09] local.INFO: Abu Dhabi,United Arab Emirates,AE,Etisalat, Emirates Telecommunications Corporation,86.98.78.216,AZ,Asia/Dubai,ip-api,2019-12-01 15:05:09  
[2019-12-01 15:05:09] local.INFO: Al Ain City,United Arab Emirates,AE,Etisalat, Emirates Telecommunications Corporation,94.59.60.202,AZ,Asia/Dubai,ip-api,2019-12-01 15:05:09  
[2019-12-01 15:05:09] local.INFO: Ajman,United Arab Emirates,AE,Etisalat, Emirates Telecommunications Corporation,92.99.175.197,AJ,Asia/Dubai,ip-api,2019-12-01 15:05:09  
[2019-12-01 15:05:09] local.INFO: Dubai,United Arab Emirates,AE,Etisalat, Emirates Telecommunications Corporation,31.215.31.119,DU,Asia/Dubai,ip-api,2019-12-01 15:05:09  
[2019-12-01 15:05:09] local.INFO: Dubai,United Arab Emirates,AE,Etisalat, Emirates Telecommunications Corporation,31.215.214.118,DU,Asia/Dubai,ip-api,2019-12-01 15:05:09  
[2019-12-01 15:05:09] local.INFO: Makkah,Saudi Arabia,SA,Saudi Arabia backbone and local registry / STC, Saudi Telecom Company JSC,128.234.247.254,02,Asia/Riyadh,ip-api,2019-12-01 15:05:09  
[2019-12-01 15:05:09] local.INFO: Ajman,United Arab Emirates,AE,Etisalat, Emirates Telecommunications Corporation,92.99.151.241,AJ,Asia/Dubai,ip-api,2019-12-01 15:05:09  
[2019-12-01 15:05:09] local.INFO: Abu Dhabi,United Arab Emirates,AE,Etisalat, Emirates Telecommunications Corporation,176.205.20.64,AZ,Asia/Dubai,ip-api,2019-12-01 15:05:09  
[2019-12-01 15:05:09] local.INFO: Al Ain City,United Arab Emirates,AE,Etisalat, Emirates Telecommunications Corporation,31.215.32.76,AZ,Asia/Dubai,ip-api,2019-12-01 15:05:09  
[2019-12-01 15:05:09] local.INFO: Al Fujairah City,United Arab Emirates,AE,Etisalat, Emirates Telecommunications Corporation,94.59.212.96,FU,Asia/Dubai,ip-api,2019-12-01 15:05:09  
[2019-12-01 15:05:09] local.INFO: Dubai,United Arab Emirates,AE,Emirates Telecommunications Corporation, Emirates Telecommunications Corporation,217.164.53.160,DU,Asia/Dubai,ip-api,2019-12-01 15:05:09  
[2019-12-01 15:05:09] local.INFO: Al Fujairah City,United Arab Emirates,AE,Etisalat, Emirates Telecommunications Corporation,31.215.213.162,FU,Asia/Dubai,ip-api,2019-12-01 15:05:09  
[2019-12-01 15:05:09] local.INFO: Dubai,United Arab Emirates,AE,Etisalat, Emirates Telecommunications Corporation,2.51.215.113,DU,Asia/Dubai,ip-api,2019-12-01 15:05:09  
[2019-12-01 15:05:09] local.INFO: Sharjah,United Arab Emirates,AE,Etisalat, Emirates Telecommunications Corporation,94.59.196.91,SH,Asia/Dubai,ip-api,2019-12-01 15:05:09  
[2019-12-01 15:05:09] local.INFO: Dubai,United Arab Emirates,AE,Etisalat, Emirates Telecommunications Corporation,2.49.92.83,DU,Asia/Dubai,ip-api,2019-12-01 15:05:09  
[2019-12-01 15:05:09] local.INFO: Sharjah,United Arab Emirates,AE,Etisalat, Emirates Telecommunications Corporation,86.97.245.46,SH,Asia/Dubai,ip-api,2019-12-01 15:05:09  
[2019-12-01 15:05:10] local.INFO: Al Ain City,United Arab Emirates,AE,Etisalat, Emirates Telecommunications Corporation,92.99.74.216,AZ,Asia/Dubai,ip-api,2019-12-01 15:05:10  
[2019-12-01 15:05:10] local.INFO: Abu Dhabi,United Arab Emirates,AE,Etisalat, Emirates Telecommunications Corporation,5.194.208.229,AZ,Asia/Dubai,ip-api,2019-12-01 15:05:10  
[2019-12-01 15:05:10] local.INFO: Sharjah,United Arab Emirates,AE,Etisalat, Emirates Telecommunications Corporation,2.49.212.28,SH,Asia/Dubai,ip-api,2019-12-01 15:05:10  
[2019-12-01 15:05:10] local.INFO: Dubai,United Arab Emirates,AE,Etisalat, Emirates Telecommunications Corporation,86.99.40.93,DU,Asia/Dubai,ip-api,2019-12-01 15:05:10  
[2019-12-01 15:05:10] local.INFO: Al Ain City,United Arab Emirates,AE,Etisalat, Emirates Telecommunications Corporation,176.205.194.151,AZ,Asia/Dubai,ip-api,2019-12-01 15:05:10  
[2019-12-01 15:05:10] local.INFO: Al Ain City,United Arab Emirates,AE,Etisalat, Emirates Telecommunications Corporation,2.50.119.153,AZ,Asia/Dubai,ip-api,2019-12-01 15:05:10  
[2019-12-01 15:05:10] local.INFO: Sharjah,United Arab Emirates,AE,Etisalat, Emirates Telecommunications Corporation,94.59.246.229,SH,Asia/Dubai,ip-api,2019-12-01 15:05:10  
[2019-12-01 15:05:10] local.INFO: Al Ain City,United Arab Emirates,AE,Emirates Telecommunications Corporation, Emirates Telecommunications Corporation,217.164.80.196,AZ,Asia/Dubai,ip-api,2019-12-01 15:05:10  
[2019-12-01 15:05:10] local.INFO: Dubai,United Arab Emirates,AE,Etisalat, Emirates Telecommunications Corporation,92.97.172.55,DU,Asia/Dubai,ip-api,2019-12-01 15:05:10  
[2019-12-01 15:05:10] local.INFO: Sharjah,United Arab Emirates,AE,Emirates Telecommunications Corporation, Emirates Telecommunication Corporation,217.164.226.5,SH,Asia/Dubai,ip-api,2019-12-01 15:05:10  
[2019-12-01 15:05:10] local.INFO: Sharjah,United Arab Emirates,AE,Emirates Telecommunications Corporation, Emirates Telecommunications Corporation,86.96.47.195,SH,Asia/Dubai,ip-api,2019-12-01 15:05:10  
[2019-12-01 15:05:10] local.INFO: Dubai,United Arab Emirates,AE,Emirates Integrated Telecommunications Company PJSC, Emirates Integrated Telecommunications Company,91.74.97.118,DU,Asia/Dubai,ip-api,2019-12-01 15:05:10  
[2019-12-01 15:05:11] local.INFO: Dubai,United Arab Emirates,AE,Etisalat, Emirates Telecommunications Corporation,86.97.81.110,DU,Asia/Dubai,ip-api,2019-12-01 15:05:11  
[2019-12-01 15:05:11] local.INFO: Dubai,United Arab Emirates,AE,Emirates Telecommunications Corporation, Samar Mohd Internet,86.98.106.250,DU,Asia/Dubai,ip-api,2019-12-01 15:05:11  
[2019-12-01 15:05:11] local.INFO: Abu Dhabi,United Arab Emirates,AE,Etisalat, Emirates Telecommunications Corporation,2.50.202.24,AZ,Asia/Dubai,ip-api,2019-12-01 15:05:11  
[2019-12-01 15:05:11] local.INFO: Dubai,United Arab Emirates,AE,Emirates Telecommunications Corporation, Emirates Telecommunications Corporation,86.98.200.146,DU,Asia/Dubai,ip-api,2019-12-01 15:05:11  
[2019-12-01 15:05:11] local.INFO: Abu Dhabi,United Arab Emirates,AE,Etisalat, Emirates Telecommunications Corporation,2.50.138.242,AZ,Asia/Dubai,ip-api,2019-12-01 15:05:11  
[2019-12-01 15:05:11] local.INFO: Abu Dhabi,United Arab Emirates,AE,Emirates Telecommunications Corporation, Emirates Telecommunications Corporation,217.164.230.232,AZ,Asia/Dubai,ip-api,2019-12-01 15:05:11  
[2019-12-01 15:05:11] local.INFO: Abu Dhabi,United Arab Emirates,AE,Etisalat, Emirates Telecommunications Corporation,86.97.222.77,AZ,Asia/Dubai,ip-api,2019-12-01 15:05:11  
[2019-12-01 15:05:11] local.INFO: Ras al-Khaimah,United Arab Emirates,AE,Etisalat, Emirates Telecommunications Corporation,86.99.199.216,RK,Asia/Dubai,ip-api,2019-12-01 15:05:11  
[2019-12-01 15:05:11] local.INFO: Dubai,United Arab Emirates,AE,Etisalat, Emirates Telecommunications Corporation,2.49.68.107,DU,Asia/Dubai,ip-api,2019-12-01 15:05:11  
[2019-12-01 15:05:11] local.INFO: Abu Dhabi,United Arab Emirates,AE,Etisalat, Emirates Telecommunications Corporation,94.59.74.77,AZ,Asia/Dubai,ip-api,2019-12-01 15:05:11  
[2019-12-01 15:05:11] local.INFO: Dubai,United Arab Emirates,AE,Etisalat, Emirates Telecommunications Corporation,5.107.198.239,DU,Asia/Dubai,ip-api,2019-12-01 15:05:11  
[2019-12-01 15:05:11] local.INFO: Al Ain City,United Arab Emirates,AE,Etisalat, Emirates Telecommunications Corporation,176.205.118.237,AZ,Asia/Dubai,ip-api,2019-12-01 15:05:11  
[2019-12-01 15:05:11] local.INFO: Dubai,United Arab Emirates,AE,Etisalat, Emirates Telecommunications Corporation,176.205.208.64,DU,Asia/Dubai,ip-api,2019-12-01 15:05:11  
[2019-12-01 15:05:11] local.INFO: Al Ain City,United Arab Emirates,AE,Etisalat, Emirates Telecommunications Corporation,94.59.41.139,AZ,Asia/Dubai,ip-api,2019-12-01 15:05:11  
[2019-12-01 15:05:12] local.INFO: Dubai,United Arab Emirates,AE,Etisalat, Emirates Telecommunications Corporation,92.97.161.240,DU,Asia/Dubai,ip-api,2019-12-01 15:05:12  
[2019-12-01 15:05:12] local.INFO: Dubai,United Arab Emirates,AE,Etisalat, Emirates Telecommunications Corporation,176.205.122.93,DU,Asia/Dubai,ip-api,2019-12-01 15:05:12  
[2019-12-01 15:05:12] local.INFO: Abu Dhabi,United Arab Emirates,AE,Etisalat, Emirates Telecommunications Corporation,92.96.191.231,AZ,Asia/Dubai,ip-api,2019-12-01 15:05:12  
[2019-12-01 15:05:12] local.INFO: Sharjah,United Arab Emirates,AE,Etisalat, Emirates Telecommunications Corporation,2.51.194.131,SH,Asia/Dubai,ip-api,2019-12-01 15:05:12  
[2019-12-01 15:05:12] local.INFO: Dubai,United Arab Emirates,AE,Etisalat, Emirates Telecommunications Corporation,86.97.107.145,DU,Asia/Dubai,ip-api,2019-12-01 15:05:12  
[2019-12-01 15:05:12] local.INFO: Dubai,United Arab Emirates,AE,Etisalat, Emirates Telecommunications Corporation,2.51.203.188,DU,Asia/Dubai,ip-api,2019-12-01 15:05:12  
[2019-12-01 15:05:12] local.INFO: Al Fujairah City,United Arab Emirates,AE,Etisalat, Emirates Telecommunications Corporation,86.97.17.228,FU,Asia/Dubai,ip-api,2019-12-01 15:05:12  
[2019-12-01 15:05:12] local.INFO: Dubai,United Arab Emirates,AE,Emirates Telecommunications Corporation, Emirates Telecommunications Corporation,83.110.238.114,DU,Asia/Dubai,ip-api,2019-12-01 15:05:12  
[2019-12-01 15:05:12] local.INFO: Abu Dhabi,United Arab Emirates,AE,Etisalat, Emirates Telecommunications Corporation,31.215.184.110,AZ,Asia/Dubai,ip-api,2019-12-01 15:05:12  
[2019-12-01 15:05:12] local.INFO: Dubai,United Arab Emirates,AE,Etisalat, Emirates Telecommunications Corporation,92.97.250.180,DU,Asia/Dubai,ip-api,2019-12-01 15:05:12  
[2019-12-01 15:05:12] local.INFO: Dubai,United Arab Emirates,AE,Etisalat, Emirates Telecommunications Corporation,92.98.119.204,DU,Asia/Dubai,ip-api,2019-12-01 15:05:12  
[2019-12-01 15:05:12] local.INFO: Dubai,United Arab Emirates,AE,Etisalat, Emirates Telecommunications Corporation,92.98.13.30,DU,Asia/Dubai,ip-api,2019-12-01 15:05:12  
[2019-12-01 15:05:13] local.INFO: Abu Dhabi,United Arab Emirates,AE,Etisalat, Emirates Telecommunications Corporation,86.98.90.20,AZ,Asia/Dubai,ip-api,2019-12-01 15:05:13  
[2019-12-01 15:05:13] local.INFO: Dubai,United Arab Emirates,AE,Emirates Integrated Telecommunications Company PJSC, Emirates Integrated Telecommunications Company PJSC,94.207.169.24,DU,Asia/Dubai,ip-api,2019-12-01 15:05:13  
[2019-12-01 15:05:13] local.INFO: Ras al-Khaimah,United Arab Emirates,AE,Etisalat, Emirates Telecommunications Corporation,176.205.237.185,RK,Asia/Dubai,ip-api,2019-12-01 15:05:13  
[2019-12-01 15:05:13] local.INFO: Abu Dhabi,United Arab Emirates,AE,Emirates Telecommunications Corporation, Barjeel Securities LLC,92.96.167.236,AZ,Asia/Dubai,ip-api,2019-12-01 15:05:13  
[2019-12-01 15:05:13] local.INFO: Dubai,United Arab Emirates,AE,Etisalat, Emirates Telecommunications Corporation,2.51.87.133,DU,Asia/Dubai,ip-api,2019-12-01 15:05:13  
[2019-12-01 15:05:13] local.INFO: Dubai,United Arab Emirates,AE,Etisalat, Emirates Telecommunications Corporation,2.49.110.49,DU,Asia/Dubai,ip-api,2019-12-01 15:05:13  
[2019-12-01 15:05:13] local.INFO: Dubai,United Arab Emirates,AE,Etisalat, Emirates Telecommunications Corporation,2.50.0.197,DU,Asia/Dubai,ip-api,2019-12-01 15:05:13  
[2019-12-01 15:05:13] local.INFO: Dubai,United Arab Emirates,AE,Etisalat, Emirates Telecommunications Corporation,92.96.178.63,DU,Asia/Dubai,ip-api,2019-12-01 15:05:13  
[2019-12-01 15:05:13] local.INFO: Dubai,United Arab Emirates,AE,Etisalat, Emirates Telecommunications Corporation,2.49.45.26,DU,Asia/Dubai,ip-api,2019-12-01 15:05:13  
[2019-12-01 15:05:13] local.INFO: Abu Dhabi,United Arab Emirates,AE,Emirates Telecommunications Corporation, Emirates Telecommunications Corporation,217.165.146.209,AZ,Asia/Dubai,ip-api,2019-12-01 15:05:13  
[2019-12-01 15:05:13] local.INFO: Dubai,United Arab Emirates,AE,Etisalat, Emirates Telecommunications Corporation,5.107.59.167,DU,Asia/Dubai,ip-api,2019-12-01 15:05:13  
[2019-12-01 15:05:13] local.INFO: Al Fujairah City,United Arab Emirates,AE,Etisalat, Emirates Telecommunications Corporation,176.205.63.236,FU,Asia/Dubai,ip-api,2019-12-01 15:05:13  
[2019-12-01 15:05:13] local.INFO: Ajman,United Arab Emirates,AE,Etisalat, Emirates Telecommunications Corporation,109.177.23.85,AJ,Asia/Dubai,ip-api,2019-12-01 15:05:13  
[2019-12-01 15:05:13] local.INFO: Al Ain City,United Arab Emirates,AE,Etisalat, Emirates Telecommunications Corporation,94.59.142.22,AZ,Asia/Dubai,ip-api,2019-12-01 15:05:13  
